// Jest Snapshot v1, https://goo.gl/fbAQLP

exports[`renderToDot render to container subgraph test 1`] = `
digraph {
  subgraph "test" {
    "a" -> "b";
  }
}
`;
