// Vitest Snapshot v1, https://vitest.dev/guide/snapshot.html

exports[`Digraph and Subgraph Base Functionality > should render a subgraph with colored nodes and custom edge attributes 1`] = `
"digraph {
  subgraph "A" {
    "node1" [
      color = "red";
    ];
    "node2" [
      color = "blue";
    ];
    "node1" -> "node2" [
      label = "Edge Label";
      color = "pink";
    ];
  }
}"
`;
