// Vitest Snapshot v1, https://vitest.dev/guide/snapshot.html

exports[`Edge grouping feature > AST conversion > should include a NodeRefGroup when multiple targets are grouped 1`] = `
{
  "children": [
    {
      "children": [
        {
          "children": [],
          "location": null,
          "targets": [
            {
              "children": [],
              "compass": undefined,
              "id": {
                "children": [],
                "location": null,
                "quoted": true,
                "type": "Literal",
                "value": "a",
              },
              "location": null,
              "port": undefined,
              "type": "NodeRef",
            },
            {
              "children": [
                {
                  "children": [],
                  "compass": undefined,
                  "id": {
                    "children": [],
                    "location": null,
                    "quoted": true,
                    "type": "Literal",
                    "value": "b",
                  },
                  "location": null,
                  "port": undefined,
                  "type": "NodeRef",
                },
                {
                  "children": [],
                  "compass": undefined,
                  "id": {
                    "children": [],
                    "location": null,
                    "quoted": true,
                    "type": "Literal",
                    "value": "c",
                  },
                  "location": null,
                  "port": undefined,
                  "type": "NodeRef",
                },
              ],
              "location": null,
              "type": "NodeRefGroup",
            },
          ],
          "type": "Edge",
        },
      ],
      "directed": true,
      "id": undefined,
      "location": null,
      "strict": false,
      "type": "Graph",
    },
  ],
  "location": null,
  "type": "Dot",
}
`;
