// Jest Snapshot v1, https://goo.gl/fbAQLP

exports[`render render works 1`] = `null`;
